Archive member included because of file (symbol)

C:/Users/Tingkai/Desktop/TI/lpmsp430g2553_core/Debug\liblpmsp430g2553_core.a(main.o)
                              (main)
C:/Users/Tingkai/Desktop/TI/lpmsp430g2553_core/Debug\liblpmsp430g2553_core.a(wiring.o)
                              C:/Users/Tingkai/Desktop/TI/lpmsp430g2553_core/Debug\liblpmsp430g2553_core.a(main.o) (init)
c:/users/tingkai/desktop/energia-0101e0014/hardware/tools/msp430/bin/../lib/gcc/msp430/4.6.3\libgcc.a(_mulhi3.o)
                              C:/Users/Tingkai/Desktop/TI/lpmsp430g2553_core/Debug\liblpmsp430g2553_core.a(wiring.o) (__mulhi3)
c:/users/tingkai/desktop/energia-0101e0014/hardware/tools/msp430/bin/../lib/gcc/msp430/4.6.3\libgcc.a(_mulsi3.o)
                              C:/Users/Tingkai/Desktop/TI/lpmsp430g2553_core/Debug\liblpmsp430g2553_core.a(wiring.o) (__mulsi3)
c:/users/tingkai/desktop/energia-0101e0014/hardware/tools/msp430/bin/../lib/gcc/msp430/4.6.3\libgcc.a(_udivmod16.o)
                              C:/Users/Tingkai/Desktop/TI/lpmsp430g2553_core/Debug\liblpmsp430g2553_core.a(wiring.o) (__udivhi3)
c:/users/tingkai/desktop/energia-0101e0014/hardware/tools/msp430/bin/../lib/gcc/msp430/4.6.3\libgcc.a(_udivmod32.o)
                              C:/Users/Tingkai/Desktop/TI/lpmsp430g2553_core/Debug\liblpmsp430g2553_core.a(wiring.o) (__udivsi3)
c:/users/tingkai/desktop/energia-0101e0014/hardware/tools/msp430/bin/../lib/gcc/msp430/4.6.3/../../../../msp430/lib\libc.a(memcpy.o)
                              ./lab1.o (memcpy)
c:/users/tingkai/desktop/energia-0101e0014/hardware/tools/msp430/bin/../lib/gcc/msp430/4.6.3\libcrt0.a(_reset_vector__.o)
                              c:/users/tingkai/desktop/energia-0101e0014/hardware/tools/msp430/bin/../lib/gcc/msp430/4.6.3/crt0ivtbl16.o (_reset_vector__)
c:/users/tingkai/desktop/energia-0101e0014/hardware/tools/msp430/bin/../lib/gcc/msp430/4.6.3\libcrt0.a(__watchdog_support.o)
                              c:/users/tingkai/desktop/energia-0101e0014/hardware/tools/msp430/bin/../lib/gcc/msp430/4.6.3\libcrt0.a(_reset_vector__.o) (__watchdog_support)
c:/users/tingkai/desktop/energia-0101e0014/hardware/tools/msp430/bin/../lib/gcc/msp430/4.6.3\libcrt0.a(__init_stack.o)
                              c:/users/tingkai/desktop/energia-0101e0014/hardware/tools/msp430/bin/../lib/gcc/msp430/4.6.3\libcrt0.a(_reset_vector__.o) (__init_stack)
c:/users/tingkai/desktop/energia-0101e0014/hardware/tools/msp430/bin/../lib/gcc/msp430/4.6.3\libcrt0.a(__low_level_init.o)
                              c:/users/tingkai/desktop/energia-0101e0014/hardware/tools/msp430/bin/../lib/gcc/msp430/4.6.3\libcrt0.a(_reset_vector__.o) (__low_level_init)
c:/users/tingkai/desktop/energia-0101e0014/hardware/tools/msp430/bin/../lib/gcc/msp430/4.6.3\libcrt0.a(_copy_data.o)
                              c:/users/tingkai/desktop/energia-0101e0014/hardware/tools/msp430/bin/../lib/gcc/msp430/4.6.3\libcrt0.a(_reset_vector__.o) (__do_copy_data)
c:/users/tingkai/desktop/energia-0101e0014/hardware/tools/msp430/bin/../lib/gcc/msp430/4.6.3\libcrt0.a(_clear_bss.o)
                              c:/users/tingkai/desktop/energia-0101e0014/hardware/tools/msp430/bin/../lib/gcc/msp430/4.6.3\libcrt0.a(_reset_vector__.o) (__do_clear_bss)
c:/users/tingkai/desktop/energia-0101e0014/hardware/tools/msp430/bin/../lib/gcc/msp430/4.6.3\libcrt0.a(__stop_progExec__.o)
                              c:/users/tingkai/desktop/energia-0101e0014/hardware/tools/msp430/bin/../lib/gcc/msp430/4.6.3\libcrt0.a(_reset_vector__.o) (__stop_progExec__)
c:/users/tingkai/desktop/energia-0101e0014/hardware/tools/msp430/bin/../lib/gcc/msp430/4.6.3\libcrt0.a(_endless_loop__.o)
                              c:/users/tingkai/desktop/energia-0101e0014/hardware/tools/msp430/bin/../lib/gcc/msp430/4.6.3\libcrt0.a(_reset_vector__.o) (_endless_loop__)
c:/users/tingkai/desktop/energia-0101e0014/hardware/tools/msp430/bin/../lib/gcc/msp430/4.6.3\libcrt0.a(_unexpected_.o)
                              c:/users/tingkai/desktop/energia-0101e0014/hardware/tools/msp430/bin/../lib/gcc/msp430/4.6.3/crt0ivtbl16.o (_unexpected_)

Allocating common symbols
Common symbol       size              file

SMILLIS_INC         0x2               C:/Users/Tingkai/Desktop/TI/lpmsp430g2553_core/Debug\liblpmsp430g2553_core.a(wiring.o)
SFRACT_INC          0x2               C:/Users/Tingkai/Desktop/TI/lpmsp430g2553_core/Debug\liblpmsp430g2553_core.a(wiring.o)

Discarded input sections

 .data          0x00000000        0x0 c:/users/tingkai/desktop/energia-0101e0014/hardware/tools/msp430/bin/../lib/gcc/msp430/4.6.3/crt0ivtbl16.o
 .bss           0x00000000        0x0 c:/users/tingkai/desktop/energia-0101e0014/hardware/tools/msp430/bin/../lib/gcc/msp430/4.6.3/crt0ivtbl16.o
 .text.crt0     0x00000000        0x0 c:/users/tingkai/desktop/energia-0101e0014/hardware/tools/msp430/bin/../lib/gcc/msp430/4.6.3/crt0ivtbl16.o
 .text          0x00000000        0x0 ./lab1.o
 .data          0x00000000        0x0 ./lab1.o
 .bss           0x00000000        0x0 ./lab1.o
 .text          0x00000000        0x0 C:/Users/Tingkai/Desktop/TI/lpmsp430g2553_core/Debug\liblpmsp430g2553_core.a(main.o)
 .data          0x00000000        0x0 C:/Users/Tingkai/Desktop/TI/lpmsp430g2553_core/Debug\liblpmsp430g2553_core.a(main.o)
 .bss           0x00000000        0x0 C:/Users/Tingkai/Desktop/TI/lpmsp430g2553_core/Debug\liblpmsp430g2553_core.a(main.o)
 .text          0x00000000        0x0 C:/Users/Tingkai/Desktop/TI/lpmsp430g2553_core/Debug\liblpmsp430g2553_core.a(wiring.o)
 .data          0x00000000        0x0 C:/Users/Tingkai/Desktop/TI/lpmsp430g2553_core/Debug\liblpmsp430g2553_core.a(wiring.o)
 .bss           0x00000000        0x0 C:/Users/Tingkai/Desktop/TI/lpmsp430g2553_core/Debug\liblpmsp430g2553_core.a(wiring.o)
 .text.disableWatchDog
                0x00000000        0x8 C:/Users/Tingkai/Desktop/TI/lpmsp430g2553_core/Debug\liblpmsp430g2553_core.a(wiring.o)
 .text.enableWatchDog
                0x00000000        0x6 C:/Users/Tingkai/Desktop/TI/lpmsp430g2553_core/Debug\liblpmsp430g2553_core.a(wiring.o)
 .text.micros   0x00000000       0x24 C:/Users/Tingkai/Desktop/TI/lpmsp430g2553_core/Debug\liblpmsp430g2553_core.a(wiring.o)
 .text.millis   0x00000000       0x12 C:/Users/Tingkai/Desktop/TI/lpmsp430g2553_core/Debug\liblpmsp430g2553_core.a(wiring.o)
 .text.delayMicroseconds
                0x00000000       0x12 C:/Users/Tingkai/Desktop/TI/lpmsp430g2553_core/Debug\liblpmsp430g2553_core.a(wiring.o)
 .text.sleepSeconds
                0x00000000       0xa4 C:/Users/Tingkai/Desktop/TI/lpmsp430g2553_core/Debug\liblpmsp430g2553_core.a(wiring.o)
 .text.sleep    0x00000000       0xca C:/Users/Tingkai/Desktop/TI/lpmsp430g2553_core/Debug\liblpmsp430g2553_core.a(wiring.o)
 .text.suspend  0x00000000       0x26 C:/Users/Tingkai/Desktop/TI/lpmsp430g2553_core/Debug\liblpmsp430g2553_core.a(wiring.o)
 .text.delay    0x00000000       0x48 C:/Users/Tingkai/Desktop/TI/lpmsp430g2553_core/Debug\liblpmsp430g2553_core.a(wiring.o)
 .bss.stay_asleep
                0x00000000        0x1 C:/Users/Tingkai/Desktop/TI/lpmsp430g2553_core/Debug\liblpmsp430g2553_core.a(wiring.o)
 .text          0x00000000        0x0 c:/users/tingkai/desktop/energia-0101e0014/hardware/tools/msp430/bin/../lib/gcc/msp430/4.6.3\libgcc.a(_mulhi3.o)
 .data          0x00000000        0x0 c:/users/tingkai/desktop/energia-0101e0014/hardware/tools/msp430/bin/../lib/gcc/msp430/4.6.3\libgcc.a(_mulhi3.o)
 .bss           0x00000000        0x0 c:/users/tingkai/desktop/energia-0101e0014/hardware/tools/msp430/bin/../lib/gcc/msp430/4.6.3\libgcc.a(_mulhi3.o)
 .text.libgcc   0x00000000       0x18 c:/users/tingkai/desktop/energia-0101e0014/hardware/tools/msp430/bin/../lib/gcc/msp430/4.6.3\libgcc.a(_mulhi3.o)
 .text          0x00000000        0x0 c:/users/tingkai/desktop/energia-0101e0014/hardware/tools/msp430/bin/../lib/gcc/msp430/4.6.3\libgcc.a(_mulsi3.o)
 .data          0x00000000        0x0 c:/users/tingkai/desktop/energia-0101e0014/hardware/tools/msp430/bin/../lib/gcc/msp430/4.6.3\libgcc.a(_mulsi3.o)
 .bss           0x00000000        0x0 c:/users/tingkai/desktop/energia-0101e0014/hardware/tools/msp430/bin/../lib/gcc/msp430/4.6.3\libgcc.a(_mulsi3.o)
 .text.libgcc   0x00000000       0x2c c:/users/tingkai/desktop/energia-0101e0014/hardware/tools/msp430/bin/../lib/gcc/msp430/4.6.3\libgcc.a(_mulsi3.o)
 .text          0x00000000        0x0 c:/users/tingkai/desktop/energia-0101e0014/hardware/tools/msp430/bin/../lib/gcc/msp430/4.6.3\libgcc.a(_udivmod16.o)
 .data          0x00000000        0x0 c:/users/tingkai/desktop/energia-0101e0014/hardware/tools/msp430/bin/../lib/gcc/msp430/4.6.3\libgcc.a(_udivmod16.o)
 .bss           0x00000000        0x0 c:/users/tingkai/desktop/energia-0101e0014/hardware/tools/msp430/bin/../lib/gcc/msp430/4.6.3\libgcc.a(_udivmod16.o)
 .text.libgcc   0x00000000       0x22 c:/users/tingkai/desktop/energia-0101e0014/hardware/tools/msp430/bin/../lib/gcc/msp430/4.6.3\libgcc.a(_udivmod16.o)
 .text          0x00000000        0x0 c:/users/tingkai/desktop/energia-0101e0014/hardware/tools/msp430/bin/../lib/gcc/msp430/4.6.3\libgcc.a(_udivmod32.o)
 .data          0x00000000        0x0 c:/users/tingkai/desktop/energia-0101e0014/hardware/tools/msp430/bin/../lib/gcc/msp430/4.6.3\libgcc.a(_udivmod32.o)
 .bss           0x00000000        0x0 c:/users/tingkai/desktop/energia-0101e0014/hardware/tools/msp430/bin/../lib/gcc/msp430/4.6.3\libgcc.a(_udivmod32.o)
 .text.libgcc   0x00000000       0x40 c:/users/tingkai/desktop/energia-0101e0014/hardware/tools/msp430/bin/../lib/gcc/msp430/4.6.3\libgcc.a(_udivmod32.o)
 .data          0x00000000        0x0 c:/users/tingkai/desktop/energia-0101e0014/hardware/tools/msp430/bin/../lib/gcc/msp430/4.6.3/../../../../msp430/lib\libc.a(memcpy.o)
 .bss           0x00000000        0x0 c:/users/tingkai/desktop/energia-0101e0014/hardware/tools/msp430/bin/../lib/gcc/msp430/4.6.3/../../../../msp430/lib\libc.a(memcpy.o)
 .text          0x00000000        0x0 c:/users/tingkai/desktop/energia-0101e0014/hardware/tools/msp430/bin/../lib/gcc/msp430/4.6.3\libcrt0.a(_reset_vector__.o)
 .data          0x00000000        0x0 c:/users/tingkai/desktop/energia-0101e0014/hardware/tools/msp430/bin/../lib/gcc/msp430/4.6.3\libcrt0.a(_reset_vector__.o)
 .bss           0x00000000        0x0 c:/users/tingkai/desktop/energia-0101e0014/hardware/tools/msp430/bin/../lib/gcc/msp430/4.6.3\libcrt0.a(_reset_vector__.o)
 .text          0x00000000        0x0 c:/users/tingkai/desktop/energia-0101e0014/hardware/tools/msp430/bin/../lib/gcc/msp430/4.6.3\libcrt0.a(__watchdog_support.o)
 .data          0x00000000        0x0 c:/users/tingkai/desktop/energia-0101e0014/hardware/tools/msp430/bin/../lib/gcc/msp430/4.6.3\libcrt0.a(__watchdog_support.o)
 .bss           0x00000000        0x0 c:/users/tingkai/desktop/energia-0101e0014/hardware/tools/msp430/bin/../lib/gcc/msp430/4.6.3\libcrt0.a(__watchdog_support.o)
 .text          0x00000000        0x0 c:/users/tingkai/desktop/energia-0101e0014/hardware/tools/msp430/bin/../lib/gcc/msp430/4.6.3\libcrt0.a(__init_stack.o)
 .data          0x00000000        0x0 c:/users/tingkai/desktop/energia-0101e0014/hardware/tools/msp430/bin/../lib/gcc/msp430/4.6.3\libcrt0.a(__init_stack.o)
 .bss           0x00000000        0x0 c:/users/tingkai/desktop/energia-0101e0014/hardware/tools/msp430/bin/../lib/gcc/msp430/4.6.3\libcrt0.a(__init_stack.o)
 .text          0x00000000        0x0 c:/users/tingkai/desktop/energia-0101e0014/hardware/tools/msp430/bin/../lib/gcc/msp430/4.6.3\libcrt0.a(__low_level_init.o)
 .data          0x00000000        0x0 c:/users/tingkai/desktop/energia-0101e0014/hardware/tools/msp430/bin/../lib/gcc/msp430/4.6.3\libcrt0.a(__low_level_init.o)
 .bss           0x00000000        0x0 c:/users/tingkai/desktop/energia-0101e0014/hardware/tools/msp430/bin/../lib/gcc/msp430/4.6.3\libcrt0.a(__low_level_init.o)
 .text          0x00000000        0x0 c:/users/tingkai/desktop/energia-0101e0014/hardware/tools/msp430/bin/../lib/gcc/msp430/4.6.3\libcrt0.a(_copy_data.o)
 .data          0x00000000        0x0 c:/users/tingkai/desktop/energia-0101e0014/hardware/tools/msp430/bin/../lib/gcc/msp430/4.6.3\libcrt0.a(_copy_data.o)
 .bss           0x00000000        0x0 c:/users/tingkai/desktop/energia-0101e0014/hardware/tools/msp430/bin/../lib/gcc/msp430/4.6.3\libcrt0.a(_copy_data.o)
 .text          0x00000000        0x0 c:/users/tingkai/desktop/energia-0101e0014/hardware/tools/msp430/bin/../lib/gcc/msp430/4.6.3\libcrt0.a(_clear_bss.o)
 .data          0x00000000        0x0 c:/users/tingkai/desktop/energia-0101e0014/hardware/tools/msp430/bin/../lib/gcc/msp430/4.6.3\libcrt0.a(_clear_bss.o)
 .bss           0x00000000        0x0 c:/users/tingkai/desktop/energia-0101e0014/hardware/tools/msp430/bin/../lib/gcc/msp430/4.6.3\libcrt0.a(_clear_bss.o)
 .text          0x00000000        0x0 c:/users/tingkai/desktop/energia-0101e0014/hardware/tools/msp430/bin/../lib/gcc/msp430/4.6.3\libcrt0.a(__stop_progExec__.o)
 .data          0x00000000        0x0 c:/users/tingkai/desktop/energia-0101e0014/hardware/tools/msp430/bin/../lib/gcc/msp430/4.6.3\libcrt0.a(__stop_progExec__.o)
 .bss           0x00000000        0x0 c:/users/tingkai/desktop/energia-0101e0014/hardware/tools/msp430/bin/../lib/gcc/msp430/4.6.3\libcrt0.a(__stop_progExec__.o)
 .text          0x00000000        0x0 c:/users/tingkai/desktop/energia-0101e0014/hardware/tools/msp430/bin/../lib/gcc/msp430/4.6.3\libcrt0.a(_endless_loop__.o)
 .data          0x00000000        0x0 c:/users/tingkai/desktop/energia-0101e0014/hardware/tools/msp430/bin/../lib/gcc/msp430/4.6.3\libcrt0.a(_endless_loop__.o)
 .bss           0x00000000        0x0 c:/users/tingkai/desktop/energia-0101e0014/hardware/tools/msp430/bin/../lib/gcc/msp430/4.6.3\libcrt0.a(_endless_loop__.o)
 .text          0x00000000        0x0 c:/users/tingkai/desktop/energia-0101e0014/hardware/tools/msp430/bin/../lib/gcc/msp430/4.6.3\libcrt0.a(_unexpected_.o)
 .data          0x00000000        0x0 c:/users/tingkai/desktop/energia-0101e0014/hardware/tools/msp430/bin/../lib/gcc/msp430/4.6.3\libcrt0.a(_unexpected_.o)
 .bss           0x00000000        0x0 c:/users/tingkai/desktop/energia-0101e0014/hardware/tools/msp430/bin/../lib/gcc/msp430/4.6.3\libcrt0.a(_unexpected_.o)

Memory Configuration

Name             Origin             Length             Attributes
sfr              0x00000000         0x00000010
peripheral_8bit  0x00000010         0x000000f0
peripheral_16bit 0x00000100         0x00000100
ram              0x00000200         0x00000200         xw
infomem          0x00001000         0x00000100
infod            0x00001000         0x00000040
infoc            0x00001040         0x00000040
infob            0x00001080         0x00000040
infoa            0x000010c0         0x00000040
rom              0x0000c000         0x00003fe0         xr
vectors          0x0000ffe0         0x00000020
bsl              0x00000000         0x00000000
ram2             0x00000000         0x00000000         xw
ram_mirror       0x00000000         0x00000000         xw
usbram           0x00000000         0x00000000         xw
far_rom          0x00000000         0x00000000
*default*        0x00000000         0xffffffff

Linker script and memory map

LOAD c:/users/tingkai/desktop/energia-0101e0014/hardware/tools/msp430/bin/../lib/gcc/msp430/4.6.3/crt0ivtbl16.o
LOAD ./lab1.o
START GROUP
LOAD C:/Users/Tingkai/Desktop/TI/lpmsp430g2553_core/Debug\liblpmsp430g2553_core.a
LOAD c:/users/tingkai/desktop/energia-0101e0014/hardware/tools/msp430/bin/../lib/gcc/msp430/4.6.3/../../../../msp430/lib\libm.a
END GROUP
LOAD c:/users/tingkai/desktop/energia-0101e0014/hardware/tools/msp430/bin/../lib/gcc/msp430/4.6.3\libgcc.a
LOAD c:/users/tingkai/desktop/energia-0101e0014/hardware/tools/msp430/bin/../lib/gcc/msp430/4.6.3/../../../../msp430/lib\libc.a
LOAD c:/users/tingkai/desktop/energia-0101e0014/hardware/tools/msp430/bin/../lib/gcc/msp430/4.6.3\libgcc.a
LOAD c:/users/tingkai/desktop/energia-0101e0014/hardware/tools/msp430/bin/../lib/gcc/msp430/4.6.3\libcrt0.a
                0x00000040                PROVIDE (__info_segment_size, 0x40)
                0x00001000                PROVIDE (__infod, 0x1000)
                0x00001040                PROVIDE (__infoc, 0x1040)
                0x00001080                PROVIDE (__infob, 0x1080)
                0x000010c0                PROVIDE (__infoa, 0x10c0)
                0x00000000                __IE1 = 0x0
                0x00000002                __IFG1 = 0x2
                0x00000001                __IE2 = 0x1
                0x00000003                __IFG2 = 0x3
                0x00000048                __ADC10DTC0 = 0x48
                0x00000049                __ADC10DTC1 = 0x49
                0x0000004a                __ADC10AE0 = 0x4a
                0x000001b0                __ADC10CTL0 = 0x1b0
                0x000001b2                __ADC10CTL1 = 0x1b2
                0x000001b4                __ADC10MEM = 0x1b4
                0x000001bc                __ADC10SA = 0x1bc
                0x00000056                __DCOCTL = 0x56
                0x00000057                __BCSCTL1 = 0x57
                0x00000058                __BCSCTL2 = 0x58
                0x00000053                __BCSCTL3 = 0x53
                0x00000059                __CACTL1 = 0x59
                0x0000005a                __CACTL2 = 0x5a
                0x0000005b                __CAPD = 0x5b
                0x00000128                __FCTL1 = 0x128
                0x0000012a                __FCTL2 = 0x12a
                0x0000012c                __FCTL3 = 0x12c
                0x00000020                __P1IN = 0x20
                0x00000021                __P1OUT = 0x21
                0x00000022                __P1DIR = 0x22
                0x00000023                __P1IFG = 0x23
                0x00000024                __P1IES = 0x24
                0x00000025                __P1IE = 0x25
                0x00000026                __P1SEL = 0x26
                0x00000041                __P1SEL2 = 0x41
                0x00000027                __P1REN = 0x27
                0x00000028                __P2IN = 0x28
                0x00000029                __P2OUT = 0x29
                0x0000002a                __P2DIR = 0x2a
                0x0000002b                __P2IFG = 0x2b
                0x0000002c                __P2IES = 0x2c
                0x0000002d                __P2IE = 0x2d
                0x0000002e                __P2SEL = 0x2e
                0x00000042                __P2SEL2 = 0x42
                0x0000002f                __P2REN = 0x2f
                0x00000018                __P3IN = 0x18
                0x00000019                __P3OUT = 0x19
                0x0000001a                __P3DIR = 0x1a
                0x0000001b                __P3SEL = 0x1b
                0x00000043                __P3SEL2 = 0x43
                0x00000010                __P3REN = 0x10
                0x0000012e                __TA0IV = 0x12e
                0x00000160                __TA0CTL = 0x160
                0x00000162                __TA0CCTL0 = 0x162
                0x00000164                __TA0CCTL1 = 0x164
                0x00000166                __TA0CCTL2 = 0x166
                0x00000170                __TA0R = 0x170
                0x00000172                __TA0CCR0 = 0x172
                0x00000174                __TA0CCR1 = 0x174
                0x00000176                __TA0CCR2 = 0x176
                0x0000011e                __TA1IV = 0x11e
                0x00000180                __TA1CTL = 0x180
                0x00000182                __TA1CCTL0 = 0x182
                0x00000184                __TA1CCTL1 = 0x184
                0x00000186                __TA1CCTL2 = 0x186
                0x00000190                __TA1R = 0x190
                0x00000192                __TA1CCR0 = 0x192
                0x00000194                __TA1CCR1 = 0x194
                0x00000196                __TA1CCR2 = 0x196
                0x00000060                __UCA0CTL0 = 0x60
                0x00000061                __UCA0CTL1 = 0x61
                0x00000062                __UCA0BR0 = 0x62
                0x00000063                __UCA0BR1 = 0x63
                0x00000064                __UCA0MCTL = 0x64
                0x00000065                __UCA0STAT = 0x65
                0x00000066                __UCA0RXBUF = 0x66
                0x00000067                __UCA0TXBUF = 0x67
                0x0000005d                __UCA0ABCTL = 0x5d
                0x0000005e                __UCA0IRTCTL = 0x5e
                0x0000005f                __UCA0IRRCTL = 0x5f
                0x00000068                __UCB0CTL0 = 0x68
                0x00000069                __UCB0CTL1 = 0x69
                0x0000006a                __UCB0BR0 = 0x6a
                0x0000006b                __UCB0BR1 = 0x6b
                0x0000006c                __UCB0I2CIE = 0x6c
                0x0000006d                __UCB0STAT = 0x6d
                0x0000006e                __UCB0RXBUF = 0x6e
                0x0000006f                __UCB0TXBUF = 0x6f
                0x00000118                __UCB0I2COA = 0x118
                0x0000011a                __UCB0I2CSA = 0x11a
                0x00000120                __WDTCTL = 0x120
                0x000010f8                __CALDCO_16MHZ = 0x10f8
                0x000010f9                __CALBC1_16MHZ = 0x10f9
                0x000010fa                __CALDCO_12MHZ = 0x10fa
                0x000010fb                __CALBC1_12MHZ = 0x10fb
                0x000010fc                __CALDCO_8MHZ = 0x10fc
                0x000010fd                __CALBC1_8MHZ = 0x10fd
                0x000010fe                __CALDCO_1MHZ = 0x10fe
                0x000010ff                __CALBC1_1MHZ = 0x10ff

.hash
 *(.hash)

.dynsym
 *(.dynsym)

.dynstr
 *(.dynstr)

.gnu.version
 *(.gnu.version)

.gnu.version_d
 *(.gnu.version_d)

.gnu.version_r
 *(.gnu.version_r)

.rel.init
 *(.rel.init)

.rela.init
 *(.rela.init)

.rel.fini
 *(.rel.fini)

.rela.fini
 *(.rela.fini)

.rel.text
 *(.rel.text .rel.text.* .rel.gnu.linkonce.t.*)

.rela.text
 *(.rela.text .rela.text.* .rela.gnu.linkonce.t.*)

.rel.rodata
 *(.rel.rodata .rel.rodata.* .rel.gnu.linkonce.r.*)

.rela.rodata
 *(.rela.rodata .rela.rodata.* .rela.gnu.linkonce.r.*)

.rel.data
 *(.rel.data .rel.data.* .rel.gnu.linkonce.d.*)

.rela.data
 *(.rela.data .rela.data.* .rela.gnu.linkonce.d.*)

.rel.bss
 *(.rel.bss .rel.bss.* .rel.gnu.linkonce.b.*)

.rela.bss
 *(.rela.bss .rela.bss.* .rela.gnu.linkonce.b.*)

.rel.ctors
 *(.rel.ctors)

.rela.ctors
 *(.rela.ctors)

.rel.dtors
 *(.rel.dtors)

.rela.dtors
 *(.rela.dtors)

.rel.got
 *(.rel.got)

.rela.got
 *(.rela.got)

.rel.plt
 *(.rel.plt)

.rela.plt
 *(.rela.plt)

.text           0x0000c000      0x34c
                0x0000c000                . = ALIGN (0x2)
 *(.init .init.*)
 *(.init0)
 .init0         0x0000c000        0x0 c:/users/tingkai/desktop/energia-0101e0014/hardware/tools/msp430/bin/../lib/gcc/msp430/4.6.3\libcrt0.a(_reset_vector__.o)
                0x0000c000                _reset_vector__
 *(.init1)
 .init1         0x0000c000        0xc c:/users/tingkai/desktop/energia-0101e0014/hardware/tools/msp430/bin/../lib/gcc/msp430/4.6.3\libcrt0.a(__watchdog_support.o)
                0x0000c000                __watchdog_support
 *(.init2)
 .init2         0x0000c00c        0x4 c:/users/tingkai/desktop/energia-0101e0014/hardware/tools/msp430/bin/../lib/gcc/msp430/4.6.3\libcrt0.a(__init_stack.o)
                0x0000c00c                __init_stack
 *(.init3)
 .init3         0x0000c010        0x0 c:/users/tingkai/desktop/energia-0101e0014/hardware/tools/msp430/bin/../lib/gcc/msp430/4.6.3\libcrt0.a(__low_level_init.o)
                0x0000c010                __low_level_init
 *(.init4)
 .init4         0x0000c010       0x18 c:/users/tingkai/desktop/energia-0101e0014/hardware/tools/msp430/bin/../lib/gcc/msp430/4.6.3\libcrt0.a(_copy_data.o)
                0x0000c010                __do_copy_data
 .init4         0x0000c028       0x16 c:/users/tingkai/desktop/energia-0101e0014/hardware/tools/msp430/bin/../lib/gcc/msp430/4.6.3\libcrt0.a(_clear_bss.o)
                0x0000c028                __do_clear_bss
 *(.init5)
 *(.init6)
 *(.init7)
 *(.init8)
 *(.init9)
 .init9         0x0000c03e       0x1a C:/Users/Tingkai/Desktop/TI/lpmsp430g2553_core/Debug\liblpmsp430g2553_core.a(main.o)
                0x0000c03e                main
 *(.fini9)
 .fini9         0x0000c058        0x0 c:/users/tingkai/desktop/energia-0101e0014/hardware/tools/msp430/bin/../lib/gcc/msp430/4.6.3\libcrt0.a(__stop_progExec__.o)
                0x0000c058                __stop_progExec__
 *(.fini8)
 *(.fini7)
 *(.fini6)
 *(.fini5)
 *(.fini4)
 *(.fini3)
 *(.fini2)
 *(.fini1)
 *(.fini0)
 .fini0         0x0000c058        0x6 c:/users/tingkai/desktop/energia-0101e0014/hardware/tools/msp430/bin/../lib/gcc/msp430/4.6.3\libcrt0.a(_endless_loop__.o)
                0x0000c058                _endless_loop__
 *(.fini .fini.*)
                0x0000c05e                . = ALIGN (0x2)
                0x0000c05e                __ctors_start = .
 *(.ctors)
                0x0000c05e                __ctors_end = .
                0x0000c05e                __dtors_start = .
 *(.dtors)
                0x0000c05e                __dtors_end = .
                0x0000c05e                . = ALIGN (0x2)
 *(.text .text.* .gnu.linkonce.t.*)
 .text          0x0000c05e        0x4 c:/users/tingkai/desktop/energia-0101e0014/hardware/tools/msp430/bin/../lib/gcc/msp430/4.6.3/crt0ivtbl16.o
                0x0000c05e                __isr_14
                0x0000c05e                __isr_4
                0x0000c05e                __isr_11
                0x0000c05e                __isr_5
                0x0000c05e                __isr_2
                0x0000c05e                __isr_7
                0x0000c05e                __isr_0
                0x0000c05e                __isr_8
                0x0000c05e                __isr_3
                0x0000c05e                __isr_12
                0x0000c05e                __isr_13
                0x0000c05e                __isr_9
                0x0000c05e                __isr_6
                0x0000c05e                __isr_1
 .text.setup    0x0000c062       0x2e ./lab1.o
                0x0000c062                setup
 .text.loop     0x0000c090       0xc2 ./lab1.o
                0x0000c090                loop
 .text.enableXtal
                0x0000c152       0x42 C:/Users/Tingkai/Desktop/TI/lpmsp430g2553_core/Debug\liblpmsp430g2553_core.a(wiring.o)
                0x0000c152                enableXtal
 .text.enableWatchDogIntervalMode
                0x0000c194        0xc C:/Users/Tingkai/Desktop/TI/lpmsp430g2553_core/Debug\liblpmsp430g2553_core.a(wiring.o)
                0x0000c194                enableWatchDogIntervalMode
 .text.initClocks
                0x0000c1a0       0x1c C:/Users/Tingkai/Desktop/TI/lpmsp430g2553_core/Debug\liblpmsp430g2553_core.a(wiring.o)
                0x0000c1a0                initClocks
 .text.init     0x0000c1bc       0x12 C:/Users/Tingkai/Desktop/TI/lpmsp430g2553_core/Debug\liblpmsp430g2553_core.a(wiring.o)
                0x0000c1bc                init
 .text.watchdog_isr
                0x0000c1ce       0x82 C:/Users/Tingkai/Desktop/TI/lpmsp430g2553_core/Debug\liblpmsp430g2553_core.a(wiring.o)
                0x0000c1ce                __isr_10
                0x0000c1ce                watchdog_isr
 .text          0x0000c250       0xfa c:/users/tingkai/desktop/energia-0101e0014/hardware/tools/msp430/bin/../lib/gcc/msp430/4.6.3/../../../../msp430/lib\libc.a(memcpy.o)
                0x0000c250                memcpy
 .text.crt0     0x0000c34a        0x2 c:/users/tingkai/desktop/energia-0101e0014/hardware/tools/msp430/bin/../lib/gcc/msp430/4.6.3\libcrt0.a(_unexpected_.o)
                0x0000c34a                _unexpected_
                0x0000c34c                . = ALIGN (0x2)

.rodata         0x0000c34c        0x8
                0x0000c34c                . = ALIGN (0x2)
 *(.rodata .rodata.* .gnu.linkonce.r.*)
 .rodata.loop   0x0000c34c        0x8 ./lab1.o
                0x0000c354                . = ALIGN (0x2)
                0x0000c354                _etext = .

.data           0x00000200        0x0 load address 0x0000c354
                0x00000200                . = ALIGN (0x2)
                0x00000200                PROVIDE (__data_start, .)
 *(.data .data.* .gnu.linkonce.d.*)
                0x00000200                . = ALIGN (0x2)
                0x00000200                _edata = .
                0x0000c354                PROVIDE (__data_load_start, LOADADDR (.data))
                0x00000000                PROVIDE (__data_size, SIZEOF (.data))

.bss            0x00000200       0x12 load address 0x0000c354
                0x00000200                PROVIDE (__bss_start, .)
 *(.bss .bss.*)
 .bss.vlo_freq  0x00000200        0x2 C:/Users/Tingkai/Desktop/TI/lpmsp430g2553_core/Debug\liblpmsp430g2553_core.a(wiring.o)
                0x00000200                vlo_freq
 .bss.sleeping  0x00000202        0x1 C:/Users/Tingkai/Desktop/TI/lpmsp430g2553_core/Debug\liblpmsp430g2553_core.a(wiring.o)
                0x00000202                sleeping
 *fill*         0x00000203        0x1 00
 .bss.wdt_fract
                0x00000204        0x2 C:/Users/Tingkai/Desktop/TI/lpmsp430g2553_core/Debug\liblpmsp430g2553_core.a(wiring.o)
                0x00000204                wdt_fract
 .bss.wdt_millis
                0x00000206        0x4 C:/Users/Tingkai/Desktop/TI/lpmsp430g2553_core/Debug\liblpmsp430g2553_core.a(wiring.o)
                0x00000206                wdt_millis
 .bss.wdt_overflow_count
                0x0000020a        0x4 C:/Users/Tingkai/Desktop/TI/lpmsp430g2553_core/Debug\liblpmsp430g2553_core.a(wiring.o)
                0x0000020a                wdt_overflow_count
 *(COMMON)
 COMMON         0x0000020e        0x4 C:/Users/Tingkai/Desktop/TI/lpmsp430g2553_core/Debug\liblpmsp430g2553_core.a(wiring.o)
                0x0000020e                SMILLIS_INC
                0x00000210                SFRACT_INC
                0x00000212                . = ALIGN (0x2)
                0x00000212                PROVIDE (__bss_end, .)
                0x00000012                PROVIDE (__bss_size, SIZEOF (.bss))

.noinit         0x00000212        0x2 load address 0x0000c354
                0x00000212                PROVIDE (__noinit_start, .)
 *(.noinit .noinit.*)
 .noinit.crt0   0x00000212        0x2 c:/users/tingkai/desktop/energia-0101e0014/hardware/tools/msp430/bin/../lib/gcc/msp430/4.6.3\libcrt0.a(__watchdog_support.o)
                0x00000212                __wdt_clear_value
                0x00000214                . = ALIGN (0x2)
                0x00000214                PROVIDE (__noinit_end, .)
                0x00000214                . = ALIGN (0x2)
                0x00000214                _end = .

.infomem        0x00001000        0x0
 *(.infomem)
                0x00001000                . = ALIGN (0x2)
 *(.infomem.*)

.infomemnobits  0x00001000        0x0
 *(.infomemnobits)
                0x00001000                . = ALIGN (0x2)
 *(.infomemnobits.*)

.infoa
 *(.infoa .infoa.*)

.infob
 *(.infob .infob.*)

.infoc
 *(.infoc .infoc.*)

.infod
 *(.infod .infod.*)

.vectors        0x0000ffe0       0x20
                0x0000ffe0                PROVIDE (__vectors_start, .)
 *(.vectors*)
 .vectors       0x0000ffe0       0x20 c:/users/tingkai/desktop/energia-0101e0014/hardware/tools/msp430/bin/../lib/gcc/msp430/4.6.3/crt0ivtbl16.o
                0x0000ffe0                __ivtbl_16
                0x00010000                _vectors_end = .

.fartext        0x00000000        0x0
                0x00000000                . = ALIGN (0x2)
 *(.fartext)
                0x00000000                . = ALIGN (0x2)
 *(.fartext.*)
                0x00000000                _efartext = .

.profiler
 *(.profiler)

.stab
 *(.stab)

.stabstr
 *(.stabstr)

.stab.excl
 *(.stab.excl)

.stab.exclstr
 *(.stab.exclstr)

.stab.index
 *(.stab.index)

.stab.indexstr
 *(.stab.indexstr)

.comment
 *(.comment)

.debug
 *(.debug)

.line
 *(.line)

.debug_srcinfo
 *(.debug_srcinfo)

.debug_sfnames
 *(.debug_sfnames)

.debug_aranges  0x00000000      0x150
 *(.debug_aranges)
 .debug_aranges
                0x00000000       0x18 ./lab1.o
 .debug_aranges
                0x00000018       0x14 C:/Users/Tingkai/Desktop/TI/lpmsp430g2553_core/Debug\liblpmsp430g2553_core.a(main.o)
 .debug_aranges
                0x0000002c       0x48 C:/Users/Tingkai/Desktop/TI/lpmsp430g2553_core/Debug\liblpmsp430g2553_core.a(wiring.o)
 .debug_aranges
                0x00000074       0x14 c:/users/tingkai/desktop/energia-0101e0014/hardware/tools/msp430/bin/../lib/gcc/msp430/4.6.3\libgcc.a(_mulhi3.o)
 .debug_aranges
                0x00000088       0x14 c:/users/tingkai/desktop/energia-0101e0014/hardware/tools/msp430/bin/../lib/gcc/msp430/4.6.3\libgcc.a(_mulsi3.o)
 .debug_aranges
                0x0000009c       0x14 c:/users/tingkai/desktop/energia-0101e0014/hardware/tools/msp430/bin/../lib/gcc/msp430/4.6.3\libgcc.a(_udivmod16.o)
 .debug_aranges
                0x000000b0       0x14 c:/users/tingkai/desktop/energia-0101e0014/hardware/tools/msp430/bin/../lib/gcc/msp430/4.6.3\libgcc.a(_udivmod32.o)
 .debug_aranges
                0x000000c4       0x14 c:/users/tingkai/desktop/energia-0101e0014/hardware/tools/msp430/bin/../lib/gcc/msp430/4.6.3/../../../../msp430/lib\libc.a(memcpy.o)
 .debug_aranges
                0x000000d8       0x14 c:/users/tingkai/desktop/energia-0101e0014/hardware/tools/msp430/bin/../lib/gcc/msp430/4.6.3\libcrt0.a(__watchdog_support.o)
 .debug_aranges
                0x000000ec       0x14 c:/users/tingkai/desktop/energia-0101e0014/hardware/tools/msp430/bin/../lib/gcc/msp430/4.6.3\libcrt0.a(__init_stack.o)
 .debug_aranges
                0x00000100       0x14 c:/users/tingkai/desktop/energia-0101e0014/hardware/tools/msp430/bin/../lib/gcc/msp430/4.6.3\libcrt0.a(_copy_data.o)
 .debug_aranges
                0x00000114       0x14 c:/users/tingkai/desktop/energia-0101e0014/hardware/tools/msp430/bin/../lib/gcc/msp430/4.6.3\libcrt0.a(_clear_bss.o)
 .debug_aranges
                0x00000128       0x14 c:/users/tingkai/desktop/energia-0101e0014/hardware/tools/msp430/bin/../lib/gcc/msp430/4.6.3\libcrt0.a(_endless_loop__.o)
 .debug_aranges
                0x0000013c       0x14 c:/users/tingkai/desktop/energia-0101e0014/hardware/tools/msp430/bin/../lib/gcc/msp430/4.6.3\libcrt0.a(_unexpected_.o)

.debug_pubnames
 *(.debug_pubnames)

.debug_info     0x00000000     0x1193
 *(.debug_info)
 .debug_info    0x00000000      0x34f ./lab1.o
 .debug_info    0x0000034f      0x25c C:/Users/Tingkai/Desktop/TI/lpmsp430g2553_core/Debug\liblpmsp430g2553_core.a(main.o)
 .debug_info    0x000005ab      0x5e9 C:/Users/Tingkai/Desktop/TI/lpmsp430g2553_core/Debug\liblpmsp430g2553_core.a(wiring.o)
 .debug_info    0x00000b94       0x8d c:/users/tingkai/desktop/energia-0101e0014/hardware/tools/msp430/bin/../lib/gcc/msp430/4.6.3\libgcc.a(_mulhi3.o)
 .debug_info    0x00000c21       0x8d c:/users/tingkai/desktop/energia-0101e0014/hardware/tools/msp430/bin/../lib/gcc/msp430/4.6.3\libgcc.a(_mulsi3.o)
 .debug_info    0x00000cae       0x8d c:/users/tingkai/desktop/energia-0101e0014/hardware/tools/msp430/bin/../lib/gcc/msp430/4.6.3\libgcc.a(_udivmod16.o)
 .debug_info    0x00000d3b       0x8d c:/users/tingkai/desktop/energia-0101e0014/hardware/tools/msp430/bin/../lib/gcc/msp430/4.6.3\libgcc.a(_udivmod32.o)
 .debug_info    0x00000dc8      0x113 c:/users/tingkai/desktop/energia-0101e0014/hardware/tools/msp430/bin/../lib/gcc/msp430/4.6.3/../../../../msp430/lib\libc.a(memcpy.o)
 .debug_info    0x00000edb       0x74 c:/users/tingkai/desktop/energia-0101e0014/hardware/tools/msp430/bin/../lib/gcc/msp430/4.6.3\libcrt0.a(__watchdog_support.o)
 .debug_info    0x00000f4f       0x74 c:/users/tingkai/desktop/energia-0101e0014/hardware/tools/msp430/bin/../lib/gcc/msp430/4.6.3\libcrt0.a(__init_stack.o)
 .debug_info    0x00000fc3       0x74 c:/users/tingkai/desktop/energia-0101e0014/hardware/tools/msp430/bin/../lib/gcc/msp430/4.6.3\libcrt0.a(_copy_data.o)
 .debug_info    0x00001037       0x74 c:/users/tingkai/desktop/energia-0101e0014/hardware/tools/msp430/bin/../lib/gcc/msp430/4.6.3\libcrt0.a(_clear_bss.o)
 .debug_info    0x000010ab       0x74 c:/users/tingkai/desktop/energia-0101e0014/hardware/tools/msp430/bin/../lib/gcc/msp430/4.6.3\libcrt0.a(_endless_loop__.o)
 .debug_info    0x0000111f       0x74 c:/users/tingkai/desktop/energia-0101e0014/hardware/tools/msp430/bin/../lib/gcc/msp430/4.6.3\libcrt0.a(_unexpected_.o)
 *(.gnu.linkonce.wi.*)

.debug_abbrev   0x00000000      0x512
 *(.debug_abbrev)
 .debug_abbrev  0x00000000       0xf6 ./lab1.o
 .debug_abbrev  0x000000f6       0x8f C:/Users/Tingkai/Desktop/TI/lpmsp430g2553_core/Debug\liblpmsp430g2553_core.a(main.o)
 .debug_abbrev  0x00000185      0x22e C:/Users/Tingkai/Desktop/TI/lpmsp430g2553_core/Debug\liblpmsp430g2553_core.a(wiring.o)
 .debug_abbrev  0x000003b3       0x14 c:/users/tingkai/desktop/energia-0101e0014/hardware/tools/msp430/bin/../lib/gcc/msp430/4.6.3\libgcc.a(_mulhi3.o)
 .debug_abbrev  0x000003c7       0x14 c:/users/tingkai/desktop/energia-0101e0014/hardware/tools/msp430/bin/../lib/gcc/msp430/4.6.3\libgcc.a(_mulsi3.o)
 .debug_abbrev  0x000003db       0x14 c:/users/tingkai/desktop/energia-0101e0014/hardware/tools/msp430/bin/../lib/gcc/msp430/4.6.3\libgcc.a(_udivmod16.o)
 .debug_abbrev  0x000003ef       0x14 c:/users/tingkai/desktop/energia-0101e0014/hardware/tools/msp430/bin/../lib/gcc/msp430/4.6.3\libgcc.a(_udivmod32.o)
 .debug_abbrev  0x00000403       0x97 c:/users/tingkai/desktop/energia-0101e0014/hardware/tools/msp430/bin/../lib/gcc/msp430/4.6.3/../../../../msp430/lib\libc.a(memcpy.o)
 .debug_abbrev  0x0000049a       0x14 c:/users/tingkai/desktop/energia-0101e0014/hardware/tools/msp430/bin/../lib/gcc/msp430/4.6.3\libcrt0.a(__watchdog_support.o)
 .debug_abbrev  0x000004ae       0x14 c:/users/tingkai/desktop/energia-0101e0014/hardware/tools/msp430/bin/../lib/gcc/msp430/4.6.3\libcrt0.a(__init_stack.o)
 .debug_abbrev  0x000004c2       0x14 c:/users/tingkai/desktop/energia-0101e0014/hardware/tools/msp430/bin/../lib/gcc/msp430/4.6.3\libcrt0.a(_copy_data.o)
 .debug_abbrev  0x000004d6       0x14 c:/users/tingkai/desktop/energia-0101e0014/hardware/tools/msp430/bin/../lib/gcc/msp430/4.6.3\libcrt0.a(_clear_bss.o)
 .debug_abbrev  0x000004ea       0x14 c:/users/tingkai/desktop/energia-0101e0014/hardware/tools/msp430/bin/../lib/gcc/msp430/4.6.3\libcrt0.a(_endless_loop__.o)
 .debug_abbrev  0x000004fe       0x14 c:/users/tingkai/desktop/energia-0101e0014/hardware/tools/msp430/bin/../lib/gcc/msp430/4.6.3\libcrt0.a(_unexpected_.o)

.debug_line     0x00000000      0xaad
 *(.debug_line)
 .debug_line    0x00000000      0x168 ./lab1.o
 .debug_line    0x00000168      0x167 C:/Users/Tingkai/Desktop/TI/lpmsp430g2553_core/Debug\liblpmsp430g2553_core.a(main.o)
 .debug_line    0x000002cf      0x2ce C:/Users/Tingkai/Desktop/TI/lpmsp430g2553_core/Debug\liblpmsp430g2553_core.a(wiring.o)
 .debug_line    0x0000059d       0x74 c:/users/tingkai/desktop/energia-0101e0014/hardware/tools/msp430/bin/../lib/gcc/msp430/4.6.3\libgcc.a(_mulhi3.o)
 .debug_line    0x00000611       0x7e c:/users/tingkai/desktop/energia-0101e0014/hardware/tools/msp430/bin/../lib/gcc/msp430/4.6.3\libgcc.a(_mulsi3.o)
 .debug_line    0x0000068f       0x77 c:/users/tingkai/desktop/energia-0101e0014/hardware/tools/msp430/bin/../lib/gcc/msp430/4.6.3\libgcc.a(_udivmod16.o)
 .debug_line    0x00000706       0x86 c:/users/tingkai/desktop/energia-0101e0014/hardware/tools/msp430/bin/../lib/gcc/msp430/4.6.3\libgcc.a(_udivmod32.o)
 .debug_line    0x0000078c       0xf6 c:/users/tingkai/desktop/energia-0101e0014/hardware/tools/msp430/bin/../lib/gcc/msp430/4.6.3/../../../../msp430/lib\libc.a(memcpy.o)
 .debug_line    0x00000882       0x5c c:/users/tingkai/desktop/energia-0101e0014/hardware/tools/msp430/bin/../lib/gcc/msp430/4.6.3\libcrt0.a(__watchdog_support.o)
 .debug_line    0x000008de       0x5a c:/users/tingkai/desktop/energia-0101e0014/hardware/tools/msp430/bin/../lib/gcc/msp430/4.6.3\libcrt0.a(__init_stack.o)
 .debug_line    0x00000938       0x60 c:/users/tingkai/desktop/energia-0101e0014/hardware/tools/msp430/bin/../lib/gcc/msp430/4.6.3\libcrt0.a(_copy_data.o)
 .debug_line    0x00000998       0x60 c:/users/tingkai/desktop/energia-0101e0014/hardware/tools/msp430/bin/../lib/gcc/msp430/4.6.3\libcrt0.a(_clear_bss.o)
 .debug_line    0x000009f8       0x5b c:/users/tingkai/desktop/energia-0101e0014/hardware/tools/msp430/bin/../lib/gcc/msp430/4.6.3\libcrt0.a(_endless_loop__.o)
 .debug_line    0x00000a53       0x5a c:/users/tingkai/desktop/energia-0101e0014/hardware/tools/msp430/bin/../lib/gcc/msp430/4.6.3\libcrt0.a(_unexpected_.o)

.debug_frame    0x00000000      0x198
 *(.debug_frame)
 .debug_frame   0x00000000       0x32 ./lab1.o
 .debug_frame   0x00000032       0x1e C:/Users/Tingkai/Desktop/TI/lpmsp430g2553_core/Debug\liblpmsp430g2553_core.a(main.o)
 .debug_frame   0x00000050      0x110 C:/Users/Tingkai/Desktop/TI/lpmsp430g2553_core/Debug\liblpmsp430g2553_core.a(wiring.o)
 .debug_frame   0x00000160       0x38 c:/users/tingkai/desktop/energia-0101e0014/hardware/tools/msp430/bin/../lib/gcc/msp430/4.6.3/../../../../msp430/lib\libc.a(memcpy.o)

.debug_str      0x00000000      0x4cb
 *(.debug_str)
 .debug_str     0x00000000      0x1df ./lab1.o
                                0x252 (size before relaxing)
 .debug_str     0x000001df       0x8b C:/Users/Tingkai/Desktop/TI/lpmsp430g2553_core/Debug\liblpmsp430g2553_core.a(main.o)
                                0x216 (size before relaxing)
 .debug_str     0x0000026a      0x207 C:/Users/Tingkai/Desktop/TI/lpmsp430g2553_core/Debug\liblpmsp430g2553_core.a(wiring.o)
                                0x3c2 (size before relaxing)
 .debug_str     0x00000471       0x5a c:/users/tingkai/desktop/energia-0101e0014/hardware/tools/msp430/bin/../lib/gcc/msp430/4.6.3/../../../../msp430/lib\libc.a(memcpy.o)
                                0x11f (size before relaxing)

.debug_loc      0x00000000      0x3f0
 *(.debug_loc)
 .debug_loc     0x00000000       0x44 ./lab1.o
 .debug_loc     0x00000044      0x1c3 C:/Users/Tingkai/Desktop/TI/lpmsp430g2553_core/Debug\liblpmsp430g2553_core.a(wiring.o)
 .debug_loc     0x00000207      0x1e9 c:/users/tingkai/desktop/energia-0101e0014/hardware/tools/msp430/bin/../lib/gcc/msp430/4.6.3/../../../../msp430/lib\libc.a(memcpy.o)

.debug_macinfo
 *(.debug_macinfo)

.debug_pubtypes
 *(.debug_pubtypes)

.debug_ranges
 *(.debug_ranges)
                0x00000400                PROVIDE (__stack, (ORIGIN (ram) + 0x200))
                0x0000c354                PROVIDE (__data_start_rom, _etext)
                0x0000c354                PROVIDE (__data_end_rom, (_etext + SIZEOF (.data)))
OUTPUT(lab1.out elf32-msp430)
